[----------]
[ RUN      ] FailingTest.PassingTest1
[       OK ] FailingTest.PassingTest1 (1 ms)
[ RUN      ] FailingTest.FailingTest1
Expected: evaluates to false
Actual:   'a'
        at failing_test.js:27

[  FAILED  ] FailingTest.FailingTest1 (1 ms)
[ RUN      ] FailingTest.FailingTest2
Expected: evaluates to false
Actual:   2
        at failing_test.js:31

Expected: is an array or Arguments object of length 3 with elements matching: [ 1, 2, 3 ]
Actual:   [ 1, 2 ], which has length 2
        at failing_test.js:32

[  FAILED  ] FailingTest.FailingTest2 (1 ms)
[ RUN      ] FailingTest.StringMatchers
Expected: partially matches regex: /enchilada/
Actual:   'burritos and tacos'
        at failing_test.js:36

Expected: is a string containing the substring 'enchilada'
Actual:   'burritos and tacos'
        at failing_test.js:37

Expected: is not a string containing the substring 'taco'
Actual:   'tacos'
        at failing_test.js:38

[  FAILED  ] FailingTest.StringMatchers (1 ms)
[ RUN      ] FailingTest.FailureWithLogOutput
Expected: evaluates to false
Actual:   2
        at failing_test.js:42

foo bar
Expected: evaluates to false
Actual:   3
        at failing_test.js:44

[  FAILED  ] FailingTest.FailureWithLogOutput (1 ms)
[ RUN      ] FailingTest.MissingArrayElementWithRecursivelyEquals
Expected: recursively equals [ 0, undefined, 2 ]
Actual:   [ 0, , 2 ], which differs in key 1
        at failing_test.js:54

[  FAILED  ] FailingTest.MissingArrayElementWithRecursivelyEquals (1 ms)
[ RUN      ] FailingTest.PassingTest2
[       OK ] FailingTest.PassingTest2 (1 ms)
[ RUN      ] FailingTest.NumberExpectations
Expected: is less than 0
Actual:   1
        at failing_test.js:62

Expected: is less than 1
Actual:   1
        at failing_test.js:63

Expected: is less than or equal to -1
Actual:   1
        at failing_test.js:65

Expected: is less than or equal to 0
Actual:   1
        at failing_test.js:66

Expected: is greater than 7
Actual:   7
        at failing_test.js:68

Expected: is greater than 9
Actual:   7
        at failing_test.js:69

Expected: is greater than or equal to 8
Actual:   7
        at failing_test.js:71

Expected: is greater than or equal to 9
Actual:   7
        at failing_test.js:72

[  FAILED  ] FailingTest.NumberExpectations (1 ms)
[ RUN      ] FailingTest.UserErrors
Expected: is a string containing the substring 'burrito'
Actual:   'taco'
foo
        at failing_test.js:76

Expected: ''
Actual:   'a'
foo
        at failing_test.js:77

Expected: does not equal: 'a'
Actual:   'a'
foo
        at failing_test.js:78

Expected: false
Actual:   true
foo
        at failing_test.js:79

Expected: true
Actual:   false
foo
        at failing_test.js:80

Expected: is greater than or equal to 1
Actual:   0
foo
        at failing_test.js:81

Expected: is greater than 0
Actual:   0
foo
        at failing_test.js:82

Expected: is less than or equal to 2
Actual:   3
foo
        at failing_test.js:83

Expected: is less than 2
Actual:   2
foo
        at failing_test.js:84

[  FAILED  ] FailingTest.UserErrors (1 ms)
[ RUN      ] FailingTest.FailingTestWithStack
Expected: evaluates to false
Actual:   'a'
        at failing_test.js:96
        at failing_test.js:92
        at failing_test.js:88

[  FAILED  ] FailingTest.FailingTestWithStack (1 ms)
[----------]

[  FAILED  ]
