<?xml version="1.0" encoding="UTF-8"?>
<testsuite name="Google JS tests" failures="0" time="0.01">
 <testcase name="TypedArraysTest.ArrayBuffer" time="0.01"/>
 <testcase name="TypedArraysTest.ArrayBufferSlices" time="0.01"/>
 <testcase name="TypedArraysTest.ArrayBufferView" time="0.01"/>
 <testcase name="TypedArraysTest.DataViewReading" time="0.01"/>
 <testcase name="TypedArraysTest.DataViewWriting" time="0.01"/>
 <testcase name="TypedArraysTest.DataViewErrors" time="0.01"/>
 <testcase name="TypedArraysTest.Int8Array" time="0.01"/>
 <testcase name="TypedArraysTest.Int16Array" time="0.01"/>
 <testcase name="TypedArraysTest.Int32Array" time="0.01"/>
 <testcase name="TypedArraysTest.Uint8Array" time="0.01"/>
 <testcase name="TypedArraysTest.Uint16Array" time="0.01"/>
 <testcase name="TypedArraysTest.Uint32Array" time="0.01"/>
 <testcase name="TypedArraysTest.Float32Array" time="0.01"/>
 <testcase name="TypedArraysTest.Float64Array" time="0.01"/>
 <testcase name="TypedArraysTest.ConstructFromOtherTypedArray" time="0.01"/>
 <testcase name="TypedArraysTest.ArrayBufferContructorErrors" time="0.01"/>
 <testcase name="TypedArraysTest.TypedArrayContructorErrors" time="0.01"/>
 <testcase name="TypedArraysTest.ZeroInitialization" time="0.01"/>
</testsuite>
