[----------]
[ RUN      ] TypedArraysTest.ArrayBuffer
[       OK ] TypedArraysTest.ArrayBuffer (1 ms)
[ RUN      ] TypedArraysTest.ArrayBufferSlices
[       OK ] TypedArraysTest.ArrayBufferSlices (1 ms)
[ RUN      ] TypedArraysTest.ArrayBufferView
[       OK ] TypedArraysTest.ArrayBufferView (1 ms)
[ RUN      ] TypedArraysTest.DataViewReading
[       OK ] TypedArraysTest.DataViewReading (1 ms)
[ RUN      ] TypedArraysTest.DataViewWriting
[       OK ] TypedArraysTest.DataViewWriting (1 ms)
[ RUN      ] TypedArraysTest.DataViewErrors
[       OK ] TypedArraysTest.DataViewErrors (1 ms)
[ RUN      ] TypedArraysTest.Int8Array
[       OK ] TypedArraysTest.Int8Array (1 ms)
[ RUN      ] TypedArraysTest.Int16Array
[       OK ] TypedArraysTest.Int16Array (1 ms)
[ RUN      ] TypedArraysTest.Int32Array
[       OK ] TypedArraysTest.Int32Array (1 ms)
[ RUN      ] TypedArraysTest.Uint8Array
[       OK ] TypedArraysTest.Uint8Array (1 ms)
[ RUN      ] TypedArraysTest.Uint16Array
[       OK ] TypedArraysTest.Uint16Array (1 ms)
[ RUN      ] TypedArraysTest.Uint32Array
[       OK ] TypedArraysTest.Uint32Array (1 ms)
[ RUN      ] TypedArraysTest.Float32Array
[       OK ] TypedArraysTest.Float32Array (1 ms)
[ RUN      ] TypedArraysTest.Float64Array
[       OK ] TypedArraysTest.Float64Array (1 ms)
[ RUN      ] TypedArraysTest.ConstructFromOtherTypedArray
[       OK ] TypedArraysTest.ConstructFromOtherTypedArray (1 ms)
[ RUN      ] TypedArraysTest.ArrayBufferContructorErrors
[       OK ] TypedArraysTest.ArrayBufferContructorErrors (1 ms)
[ RUN      ] TypedArraysTest.TypedArrayContructorErrors
[       OK ] TypedArraysTest.TypedArrayContructorErrors (1 ms)
[ RUN      ] TypedArraysTest.ZeroInitialization
[       OK ] TypedArraysTest.ZeroInitialization (1 ms)
[----------]

[  PASSED  ]
